// Vitest Snapshot v1, https://vitest.dev/guide/snapshot.html

exports[`Alert component > renders correctly without children and matches snapshot 1`] = `
<div>
  <div
    class="relative w-full rounded-lg border px-4 py-3 text-sm grid has-[>svg]:grid-cols-[calc(var(--spacing)*4)_1fr] grid-cols-[0_1fr] has-[>svg]:gap-x-3 gap-y-0.5 items-start [&>svg]:size-4 [&>svg]:translate-y-0.5 [&>svg]:text-current bg-card text-card-foreground"
    data-slot="alert"
    role="alert"
  />
</div>
`;

exports[`AlertTitle and AlertDescription standalone behavior > renders title and description as their own elements and accept props 1`] = `
<div>
  <div>
    <div
      class="col-start-2 line-clamp-1 min-h-4 font-medium tracking-tight"
      data-slot="alert-title"
      id="title-id"
    >
      Standalone Title
    </div>
    <div
      class="text-muted-foreground col-start-2 grid justify-items-start gap-1 text-sm [&_p]:leading-relaxed"
      data-slot="alert-description"
      data-test="desc"
    >
      Standalone description
    </div>
  </div>
</div>
`;
